<?xml version="1.0" encoding="UTF-8"?>
<testsuites name="jest tests" tests="1" failures="0" errors="0" time="0.307">
  <testsuite name="basic routes" errors="0" failures="0" skipped="0" timestamp="2025-09-16T15:50:29" time="0.249" tests="1">
    <testcase classname="basic routes GET / returns JSON" name="basic routes GET / returns JSON" time="0.016">
    </testcase>
  </testsuite>
</testsuites>